// Jest Snapshot v1, https://goo.gl/fbAQLP

exports[`CdnStack matches snapshot 1`] = `
{
  "Outputs": {
    "DistributionDomainName": {
      "Export": {
        "Name": "LocksmithReleasesDistributionDomain",
      },
      "Value": {
        "Fn::GetAtt": [
          "ReleasesDistribution0E4A81E3",
          "DomainName",
        ],
      },
    },
    "DistributionId": {
      "Export": {
        "Name": "LocksmithReleasesDistributionId",
      },
      "Value": {
        "Ref": "ReleasesDistribution0E4A81E3",
      },
    },
  },
  "Parameters": {
    "BootstrapVersion": {
      "Default": "/cdk-bootstrap/hnb659fds/version",
      "Description": "Version of the CDK Bootstrap resources in this environment, automatically retrieved from SSM Parameter Store. [cdk:skip]",
      "Type": "AWS::SSM::Parameter::Value<String>",
    },
  },
  "Resources": {
    "CustomCDKBucketDeployment8693BB64968944B69AAFB0CC9EB8756C81C01536": {
      "DependsOn": [
        "CustomCDKBucketDeployment8693BB64968944B69AAFB0CC9EB8756CServiceRoleDefaultPolicy88902FDF",
        "CustomCDKBucketDeployment8693BB64968944B69AAFB0CC9EB8756CServiceRole89A01265",
      ],
      "Properties": {
        "Code": {
          "S3Bucket": "cdk-hnb659fds-assets-111122223333-us-east-1",
          "S3Key": "3423a042b818e31c1e34a19d6689ab2e5f9b70fcbe9e71df66f241b20a200bd9.zip",
        },
        "Environment": {
          "Variables": {
            "AWS_CA_BUNDLE": "/etc/pki/ca-trust/extracted/pem/tls-ca-bundle.pem",
          },
        },
        "Handler": "index.handler",
        "Layers": [
          {
            "Ref": "Deploy404AwsCliLayer40656806",
          },
        ],
        "Role": {
          "Fn::GetAtt": [
            "CustomCDKBucketDeployment8693BB64968944B69AAFB0CC9EB8756CServiceRole89A01265",
            "Arn",
          ],
        },
        "Runtime": "python3.13",
        "Timeout": 900,
      },
      "Type": "AWS::Lambda::Function",
    },
    "CustomCDKBucketDeployment8693BB64968944B69AAFB0CC9EB8756CServiceRole89A01265": {
      "Properties": {
        "AssumeRolePolicyDocument": {
          "Statement": [
            {
              "Action": "sts:AssumeRole",
              "Effect": "Allow",
              "Principal": {
                "Service": "lambda.amazonaws.com",
              },
            },
          ],
          "Version": "2012-10-17",
        },
        "ManagedPolicyArns": [
          {
            "Fn::Join": [
              "",
              [
                "arn:",
                {
                  "Ref": "AWS::Partition",
                },
                ":iam::aws:policy/service-role/AWSLambdaBasicExecutionRole",
              ],
            ],
          },
        ],
      },
      "Type": "AWS::IAM::Role",
    },
    "CustomCDKBucketDeployment8693BB64968944B69AAFB0CC9EB8756CServiceRoleDefaultPolicy88902FDF": {
      "Properties": {
        "PolicyDocument": {
          "Statement": [
            {
              "Action": [
                "s3:GetObject*",
                "s3:GetBucket*",
                "s3:List*",
              ],
              "Effect": "Allow",
              "Resource": [
                {
                  "Fn::Join": [
                    "",
                    [
                      "arn:",
                      {
                        "Ref": "AWS::Partition",
                      },
                      ":s3:::cdk-hnb659fds-assets-111122223333-us-east-1",
                    ],
                  ],
                },
                {
                  "Fn::Join": [
                    "",
                    [
                      "arn:",
                      {
                        "Ref": "AWS::Partition",
                      },
                      ":s3:::cdk-hnb659fds-assets-111122223333-us-east-1/*",
                    ],
                  ],
                },
              ],
            },
            {
              "Action": [
                "s3:GetObject*",
                "s3:GetBucket*",
                "s3:List*",
                "s3:DeleteObject*",
                "s3:PutObject",
                "s3:PutObjectLegalHold",
                "s3:PutObjectRetention",
                "s3:PutObjectTagging",
                "s3:PutObjectVersionTagging",
                "s3:Abort*",
              ],
              "Effect": "Allow",
              "Resource": [
                {
                  "Fn::ImportValue": "Support:ExportsOutputFnGetAttB08E7C7AFArn7F3F998F",
                },
                {
                  "Fn::Join": [
                    "",
                    [
                      {
                        "Fn::ImportValue": "Support:ExportsOutputFnGetAttB08E7C7AFArn7F3F998F",
                      },
                      "/*",
                    ],
                  ],
                },
              ],
            },
          ],
          "Version": "2012-10-17",
        },
        "PolicyName": "CustomCDKBucketDeployment8693BB64968944B69AAFB0CC9EB8756CServiceRoleDefaultPolicy88902FDF",
        "Roles": [
          {
            "Ref": "CustomCDKBucketDeployment8693BB64968944B69AAFB0CC9EB8756CServiceRole89A01265",
          },
        ],
      },
      "Type": "AWS::IAM::Policy",
    },
    "Deploy404AwsCliLayer40656806": {
      "Properties": {
        "Content": {
          "S3Bucket": "cdk-hnb659fds-assets-111122223333-us-east-1",
          "S3Key": "e2659170a0721541efa761a8d5d04d5e36cbbf691c4b15a9053002b7c825055d.zip",
        },
        "Description": "/opt/awscli/aws",
      },
      "Type": "AWS::Lambda::LayerVersion",
    },
    "Deploy404CustomResource2ECC6151": {
      "DeletionPolicy": "Delete",
      "Properties": {
        "DestinationBucketName": {
          "Fn::ImportValue": "Support:ExportsOutputRefB08E7C7AF2B8873E4",
        },
        "OutputObjectKeys": true,
        "Prune": false,
        "RetainOnDelete": false,
        "ServiceToken": {
          "Fn::GetAtt": [
            "CustomCDKBucketDeployment8693BB64968944B69AAFB0CC9EB8756C81C01536",
            "Arn",
          ],
        },
        "SourceBucketNames": [
          "cdk-hnb659fds-assets-111122223333-us-east-1",
        ],
        "SourceObjectKeys": [
          "77a2b4c151097a5643d0fc885dc394295d839f373140cf3f3bccbee167b76576.zip",
        ],
        "WaitForDistributionInvalidation": true,
      },
      "Type": "Custom::CDKBucketDeployment",
      "UpdateReplacePolicy": "Delete",
    },
    "ImmutableArtifactCachePolicy0CE0E17B": {
      "Properties": {
        "CachePolicyConfig": {
          "DefaultTTL": 31536000,
          "MaxTTL": 315360000,
          "MinTTL": 31536000,
          "Name": "LocksmithReleasesImmutable",
          "ParametersInCacheKeyAndForwardedToOrigin": {
            "CookiesConfig": {
              "CookieBehavior": "none",
            },
            "EnableAcceptEncodingBrotli": false,
            "EnableAcceptEncodingGzip": false,
            "HeadersConfig": {
              "HeaderBehavior": "none",
            },
            "QueryStringsConfig": {
              "QueryStringBehavior": "none",
            },
          },
        },
      },
      "Type": "AWS::CloudFront::CachePolicy",
    },
    "ReleasesDistribution0E4A81E3": {
      "Properties": {
        "DistributionConfig": {
          "Aliases": [
            "releases.keri.host",
          ],
          "CacheBehaviors": [
            {
              "AllowedMethods": [
                "GET",
                "HEAD",
              ],
              "CachePolicyId": {
                "Ref": "ImmutableArtifactCachePolicy0CE0E17B",
              },
              "Compress": true,
              "PathPattern": "releases/*",
              "TargetOriginId": "TestCdnStackReleasesDistributionOrigin18C0CF4F2",
              "ViewerProtocolPolicy": "redirect-to-https",
            },
            {
              "AllowedMethods": [
                "GET",
                "HEAD",
              ],
              "CachePolicyId": {
                "Ref": "ShortLivedCachePolicy91CCBBB4",
              },
              "Compress": true,
              "PathPattern": "appcast/*",
              "TargetOriginId": "TestCdnStackReleasesDistributionOrigin18C0CF4F2",
              "ViewerProtocolPolicy": "redirect-to-https",
            },
            {
              "AllowedMethods": [
                "GET",
                "HEAD",
              ],
              "CachePolicyId": {
                "Ref": "ShortLivedCachePolicy91CCBBB4",
              },
              "Compress": true,
              "PathPattern": "publisher/*",
              "TargetOriginId": "TestCdnStackReleasesDistributionOrigin18C0CF4F2",
              "ViewerProtocolPolicy": "redirect-to-https",
            },
          ],
          "Comment": "Locksmith releases distribution",
          "CustomErrorResponses": [
            {
              "ErrorCachingMinTTL": 60,
              "ErrorCode": 404,
              "ResponseCode": 404,
              "ResponsePagePath": "/404.html",
            },
          ],
          "DefaultCacheBehavior": {
            "AllowedMethods": [
              "GET",
              "HEAD",
            ],
            "CachePolicyId": {
              "Ref": "ShortLivedCachePolicy91CCBBB4",
            },
            "CachedMethods": [
              "GET",
              "HEAD",
            ],
            "Compress": true,
            "TargetOriginId": "TestCdnStackReleasesDistributionOrigin18C0CF4F2",
            "ViewerProtocolPolicy": "redirect-to-https",
          },
          "DefaultRootObject": "",
          "Enabled": true,
          "HttpVersion": "http2and3",
          "IPV6Enabled": true,
          "Origins": [
            {
              "DomainName": {
                "Fn::ImportValue": "Support:ExportsOutputFnGetAttB08E7C7AFRegionalDomainNameE92D5483",
              },
              "Id": "TestCdnStackReleasesDistributionOrigin18C0CF4F2",
              "S3OriginConfig": {
                "OriginAccessIdentity": {
                  "Fn::Join": [
                    "",
                    [
                      "origin-access-identity/cloudfront/",
                      {
                        "Fn::ImportValue": "Support:ExportsOutputRefO714C87576157442E",
                      },
                    ],
                  ],
                },
              },
            },
          ],
          "PriceClass": "PriceClass_100",
          "ViewerCertificate": {
            "AcmCertificateArn": "arn:aws:acm:us-east-1:111122223333:certificate/abc",
            "MinimumProtocolVersion": "TLSv1.2_2021",
            "SslSupportMethod": "sni-only",
          },
        },
      },
      "Type": "AWS::CloudFront::Distribution",
    },
    "ShortLivedCachePolicy91CCBBB4": {
      "Properties": {
        "CachePolicyConfig": {
          "DefaultTTL": 60,
          "MaxTTL": 60,
          "MinTTL": 0,
          "Name": "LocksmithReleasesShortLived",
          "ParametersInCacheKeyAndForwardedToOrigin": {
            "CookiesConfig": {
              "CookieBehavior": "none",
            },
            "EnableAcceptEncodingBrotli": true,
            "EnableAcceptEncodingGzip": true,
            "HeadersConfig": {
              "HeaderBehavior": "none",
            },
            "QueryStringsConfig": {
              "QueryStringBehavior": "none",
            },
          },
        },
      },
      "Type": "AWS::CloudFront::CachePolicy",
    },
  },
  "Rules": {
    "CheckBootstrapVersion": {
      "Assertions": [
        {
          "Assert": {
            "Fn::Not": [
              {
                "Fn::Contains": [
                  [
                    "1",
                    "2",
                    "3",
                    "4",
                    "5",
                  ],
                  {
                    "Ref": "BootstrapVersion",
                  },
                ],
              },
            ],
          },
          "AssertDescription": "CDK bootstrap stack version 6 required. Please run 'cdk bootstrap' with a recent version of the CDK CLI.",
        },
      ],
    },
  },
}
`;
